Loading data...

Clustering...
  Algorithm: kprototypes
  Distance: euclidean

Results:
  Clusters: 4
  Noise: 0
  Cluster sizes: {np.uint16(0): np.int64(42), np.uint16(1): np.int64(285), np.uint16(2): np.int64(130), np.uint16(3): np.int64(543)}

Fairness evaluation:
=== Fairness Report: Gender ===
Overall Balance Score: 0.948
Overall Entropy: 0.893

Demographic Parity per Cluster:
  Cluster 0: Female: 23.81%, Male: 76.19% (entropy: 0.792)
  Cluster 1: Female: 29.47%, Male: 70.53% (entropy: 0.875)
  Cluster 2: Female: 22.31%, Male: 77.69% (entropy: 0.766)
  Cluster 3: Female: 34.44%, Male: 65.56% (entropy: 0.929)

Representation Ratios (vs overall population):
  Female:
    Cluster 0: 0.77x (under)
    Cluster 1: 0.95x (balanced)
    Cluster 2: 0.72x (under)
    Cluster 3: 1.11x (over)
  Male:
    Cluster 0: 1.10x (over)
    Cluster 1: 1.02x (balanced)
    Cluster 2: 1.13x (over)
    Cluster 3: 0.95x (balanced)

Generating visualizations (tsne)...
  Saved to visualization/clustering_results/2026-02-02/

Done.
